FILE: tst/dat/blend.mps   BOUNDS MODE: STRICT
PROBLEM: 83 VARIABLES, 117 CONSTRAINT ROWS (NORMALISED TO >=)
STATUS: OPTIMAL   ITERATIONS: 117
OBJECTIVE: -30.81214985

VARIABLES (54 NONZERO OF 83):
  1 = 20.94480195
  2 = 10.17092161
  3 = 11.24735865
  4 = 2.981097124
  5 = 0.6597035933
  6 = 0.4759263446
  8 = 10.10117614
  10 = 1.679178924
  12 = 10.10117614
  14 = 11.78035507
  15 = 0.4067430357
  18 = 2.173256964
  19 = 1.61181687
  20 = 5.25
  22 = 3.13818313
  23 = 1.149909949
  24 = 1.396291081
  29 = 0.3835003722
  31 = 4.424431137
  33 = 1.149909949
  34 = 1.396291081
  35 = 0.7485700927
  36 = 21.63838697
  37 = 8.102702633
  38 = 0.7107761404
  39 = 0.4817893472
  41 = 4.892936372
  43 = 0.4416752608
  44 = 14.28573702
  45 = 6.527177121
  46 = 2.005816841
  49 = 0.7713285688
  50 = 4.87625743
  51 = 0.2242247192
  52 = 1.811155615
  53 = 7.877627559
  54 = 0.3201545422
  55 = 0.9892470535
  56 = 0.4439079385
  57 = 1.433154992
  61 = 3.079217438
  62 = 0.795583754
  63 = 3.874801192
  64 = 0.7749576722
  65 = 1.83076589
  68 = 0.06587344195
  69 = 0.7889117798
  70 = 3.460508784
  71 = 2.750888679
  77 = 0.1693961964
  79 = 1.154801147
  81 = 0.8033012352
  82 = 26.03036862
  83 = 87.09497412

SHADOW PRICES - CHANGE IN OBJECTIVE PER UNIT OF RHS (58 NONZERO):
  1-: 3.632654108
  2-: 3.492029419
  3-: 2.938965679
  4-: 2.938965679
  5-: 3.035619654
  6-: 2.94157374
  7-: 2
  8-: 1.358969161
  9-: 2.75
  10-: 2.75
  11-: 4.333927552
  12-: 4.383227348
  13-: 3.25
  14-: 4.396151348
  15-: 4.32086957
  16-: 4.396151348
  17-: 2.592642654
  18-: 2.614110153
  19-: 5.169973007
  20-: 5.029973007
  21-: 2.815619971
  22-: 4.396151348
  23-: 4.748523878
  24-: 5.863156949
  25-: 4.73526807
  26-: 2.75
  27-: 4.969502141
  28-: 3.444219677
  29-: 2.51941234
  30-: 5.368449375
  31-: 5.475108281
  32+: 0.04335970467
  33-: 1.082120911
  34-: 2.938965679
  35-: 4.559055919
  36-: 3.211810665
  37-: 2.75
  38-: 4.386215214
  40-: 0.04
  42-: 0.0132
  43-: 0.01
  45: 0.56
  47: 0.04167636811
  51: 0.4442307692
  53: 0.04071162452
  55: 0.01026938454
  56: 0.2169014085
  59: 0.0379265591
  60: 0.07995353867
  62: 0.2533718731
  63: 0.1750107154
  64: 0.1787455484
  65: 0.6610343205
  66: 0.7550802344
  70: 1.228114779
  71: 0.830378419
  73: 0.08980729491
  74: 0.3571672371

REDUCED COSTS - PENALTY FOR FORCING IN A ZERO VARIABLE (21 NONZERO):
  9: 0.07528177857
  11: 0.07528177857
  17: 0.1557803231
  25: 1.98526807
  26: 3.113156949
  27: 0.5
  28: 0.08875641026
  32: 0.09972005435
  40: 0.02868557308
  42: 0.07059693754
  47: 0.1457009542
  48: 0.0554781357
  66: 1.177241635
  67: 0.8858639805
  72: 3.25
  73: 2.75
  74: 2.75
  75: 4.73526807
  76: 5.863156949
  78: 0.04
  80: 0.4
