[1m63011 Ballwin, Missouri[0m
Mon Aug 3, 2026 - NWS (api.weather.gov)

[7mDate  Hr  Temp (FL)  Conditions    Prcp  Cld  Hmd  Dir Spd[0m
Mo 3  11    79 (79)  Mstly Sunny     0%  25%  69%    N   1
Mo 3  12    81 (84)  Mstly Sunny     0%  25%  65%   NE   1
Mo 3  13    83 (86)  Mstly Sunny     0%  25%  59%   NE   1
Mo 3  14    84 (87)  Mstly Sunny     0%  25%  57%   NE   1
Mo 3  15    85 (88)  Mstly Sunny     0%  25%  55%   NE   1
Mo 3  16    85 (87)  Mstly Sunny     0%  25%  53%   NE   2
Mo 3  17    84 (86)  Sunny           0%   5%  55%    E   2
[1mv Sunset 8:12 PM -- Lo 66, Mstly Clear, winds to 3 mph[0m
[2mMo 3  18    83 (85)  Mstly Clear     0%  25%  57%    E   2[0m
[2mMo 3  19    83 (86)  Mstly Clear     0%  25%  59%    E   2[0m
[2mMo 3  20    80 (82)  Mstly Clear     0%  25%  65%    E   2[0m
[2mMo 3  21    78 (78)  Clear           0%   5%  69%    E   2[0m
[2mMo 3  22    75 (75)  Clear           0%   5%  76%   SE   3[0m
[2mMo 3  23    73 (73)  Clear           0%   5%  81%   SE   3[0m
[2mTu 4  00    72 (72)  Clear           0%   5%  81%   SE   3[0m
[2mTu 4  01    71 (71)  Clear           0%   5%  84%   SE   3[0m
[2mTu 4  02    70 (70)  Clear           0%   5%  87%   SE   2[0m
[2mTu 4  03    69 (69)  Mstly Clear     0%  25%  90%   SE   2[0m
[2mTu 4  04    67 (67)  Mstly Clear     0%  25%  97%    S   2[0m
[2mTu 4  05    67 (67)  Mstly Clear     0%  25%  97%    S   2[0m
[1m^ Sunrise 6:06 AM -- Hi 89, Ptchy Fog, winds to 3 mph[0m
Tu 4  06    66 (66)  Ptchy Fog       0%  95% 100%    S   2
Tu 4  07    67 (67)  Sunny           0%   5%  97%   SE   2
Tu 4  08    72 (72)  Sunny           0%   5%  84%    S   2
Tu 4  09    76 (76)  Sunny           0%   5%  76%    S   2
Tu 4  10    80 (83)  Sunny           0%   5%  69%    S   3
Tu 4  11    83 (87)  Sunny           0%   5%  63%    S   3
Tu 4  12    85 (89)  Mstly Sunny     0%  25%  59%    S   2
Tu 4  13    87 (91)  Mstly Sunny     0%  25%  55%    S   2
Tu 4  14    87 (90)  Mstly Sunny     0%  25%  53%    S   1
Tu 4  15    89 (92)  Sunny           0%   5%  48%   SE   1
Tu 4  16    89 (92)  Mstly Sunny     0%  25%  48%   SE   2
Tu 4  17    89 (92)  Sunny           0%   5%  48%    S   2
[1mv Sunset 8:11 PM -- Lo 69, Mstly Clear, winds to 5 mph[0m
[2mTu 4  18    87 (90)  Clear           0%   5%  52%   SE   3[0m
[2mTu 4  19    85 (88)  Mstly Clear     0%  25%  57%   SE   3[0m
[2mTu 4  20    83 (86)  Clear           0%   5%  61%   SE   3[0m
[2mTu 4  21    80 (83)  Mstly Clear     0%  25%  67%   SE   5[0m
[2mTu 4  22    77 (77)  Mstly Clear     0%  25%  71%   SE   5[0m
[2mTu 4  23    75 (75)  Mstly Clear     0%  25%  74%   SE   5[0m
[2mWe 5  00    74 (74)  Mstly Clear     0%  25%  76%   SE   5[0m
[2mWe 5  01    73 (73)  Mstly Clear     0%  25%  79%   SE   5[0m
[2mWe 5  02    72 (72)  Mstly Clear     0%  25%  79%    S   3[0m
[2mWe 5  03    71 (71)  Mstly Clear     0%  25%  81%    S   3[0m
[2mWe 5  04    70 (70)  Mstly Clear     0%  25%  84%    S   3[0m
[2mWe 5  05    70 (70)  Mstly Clear     0%  25%  84%    S   3[0m
[1m^ Sunrise 6:07 AM -- Hi 90, Sunny, winds to 3 mph[0m
We 5  06    69 (69)  Sunny           0%   5%  87%    S   3
We 5  07    70 (70)  Sunny           0%   5%  87%    S   2
We 5  08    72 (72)  Sunny           0%   5%  84%    S   3
We 5  09    76 (76)  Sunny           0%   5%  76%    S   3
We 5  10    80 (83)  Sunny           0%   5%  69%    S   3
We 5  11    83 (87)  Sunny           0%   5%  65%    S   3
We 5  12    86 (91)  Sunny           0%   5%  59%    S   3
We 5  13    88 (93)  Sunny           6%   5%  55%    S   3
We 5  14    89 (94)  Sunny           6%   5%  54%    S   3
We 5  15    90 (96)  Mstly Sunny     6%  25%  52%    S   3
We 5  16    90 (96)  Mstly Sunny     6%  25%  52%    S   3
We 5  17    89 (94)  Mstly Sunny     6%  25%  54%    S   3
[1mv Sunset 8:10 PM -- Lo 71, Slgt T-Storm, winds to 6 mph[0m
[2mWe 5  18    88 (94)  Ptly Cloudy     6%  50%  57%    S   5[0m
[2mWe 5  19    86 (91)  Slgt T-Storm   15%  75%  61%   SE   5[0m
[2mWe 5  20    84 (89)  Slgt T-Storm   15%  75%  65%   SE   5[0m
[2mWe 5  21    81 (85)  Slgt T-Storm   15%  75%  72%   SE   6[0m
[2mWe 5  22    79 (79)  Slgt T-Storm   15%  75%  74%   SE   6[0m
[2mWe 5  23    78 (78)  Slgt T-Storm   15%  75%  74%    S   6[0m
[2mTh 6  00    77 (77)  Slgt T-Storm   15%  75%  76%    S   5[0m
[2mTh 6  01    76 (76)  T-Storm Lkly   60%  75%  76%    S   5[0m
[2mTh 6  02    75 (75)  T-Storm Lkly   60%  75%  79%    S   5[0m
[2mTh 6  03    74 (74)  T-Storm Lkly   60%  75%  82%    S   5[0m
[2mTh 6  04    73 (73)  T-Storm Lkly   60%  75%  84%    S   5[0m
[2mTh 6  05    72 (72)  T-Storm Lkly   60%  75%  87%    S   5[0m
[1m^ Sunrise 6:08 AM -- Hi 85, T-Storm Lkly, winds to 5 mph[0m
Th 6  06    71 (71)  T-Storm Lkly   60%  75%  90%    S   3
Th 6  07    71 (71)  T-Storm Lkly   71%  75%  93%    S   3
Th 6  08    72 (72)  T-Storm Lkly   71%  75%  93%    S   3
Th 6  09    73 (73)  T-Storm Lkly   71%  75%  97%   SW   5
Th 6  10    74 (74)  T-Storm Lkly   71%  75%  97%   SW   5
